<pb-pad><gst-fake-shadow><style>
  /* TODO: Better background */
  #root {
    background-color: var(--mkThemeBG);
    border: 1px solid var(--mkThemeFG);
  }
</style>

<svg id="root" height="100%" width="100%" mk-action-2="">
  <!-- #contents --><svg xmlns:dc="http://purl.org/dc/elements/1.1/" xmlns:cc="http://creativecommons.org/ns#" xmlns:rdf="http://www.w3.org/1999/02/22-rdf-syntax-ns#" xmlns:svg="http://www.w3.org/2000/svg" xmlns="http://www.w3.org/2000/svg" xmlns:sodipodi="http://sodipodi.sourceforge.net/DTD/sodipodi-0.dtd" xmlns:inkscape="http://www.inkscape.org/namespaces/inkscape" version="1.1" x="-13" y="9" viewBox="0 0 48 48" enable-background="new 0 0 512 512" xml:space="preserve" id="svg3649" inkscape:version="1.0 (4035a4f, 2020-05-01)" sodipodi:docname="icon.svg" width="50px" height="50px"><metadata id="metadata3661"><rdf:RDF><cc:Work rdf:about=""><dc:format>image/svg+xml</dc:format><dc:type rdf:resource="http://purl.org/dc/dcmitype/StillImage"></dc:type><dc:title></dc:title></cc:Work></rdf:RDF></metadata><defs id="defs3659"></defs><sodipodi:namedview pagecolor="#ffffff" bordercolor="#666666" borderopacity="1" objecttolerance="10" gridtolerance="10" guidetolerance="10" inkscape:pageopacity="0" inkscape:pageshadow="2" inkscape:window-width="1680" inkscape:window-height="1005" id="namedview3657" showgrid="false" inkscape:zoom="5.7550881" inkscape:cx="12.076332" inkscape:cy="50.07101" inkscape:window-x="0" inkscape:window-y="23" inkscape:window-maximized="0" inkscape:current-layer="svg3649" inkscape:document-rotation="0"></sodipodi:namedview><path d="m 16.5,10.125 a 7.5000001,7.5000001 0 0 0 -7.5,7.5 7.5000001,7.5000001 0 0 0 6.375,7.414062 V 32.625 l 2.25,-2.25 V 25.039062 A 7.5000001,7.5000001 0 0 0 24,17.625 a 7.5000001,7.5000001 0 0 0 -7.5,-7.5 z m 13.875,0 v 7.5 l 2.25,-2.25 v -5.25 z M 16.5,12.375 a 5.2500001,5.2500001 0 0 1 5.25,5.25 5.2500001,5.2500001 0 0 1 -5.25,5.25 5.2500001,5.2500001 0 0 1 -5.25,-5.25 5.2500001,5.2500001 0 0 1 5.25,-5.25 z M 48,0 32.625,15.375 v 7.585938 A 7.5000001,7.5000001 0 0 1 39,30.375 a 7.5000001,7.5000001 0 0 1 -7.5,7.5 7.5000001,7.5000001 0 0 1 -7.5,-7.5 7.5000001,7.5000001 0 0 1 6.375,-7.414062 V 17.625 l -12.75,12.75 v 7.5 h -2.25 v -5.25 L 0,48 H 48 Z M 31.5,25.125 a 5.2500001,5.2500001 0 0 0 -5.25,5.25 5.2500001,5.2500001 0 0 0 5.25,5.25 5.2500001,5.2500001 0 0 0 5.25,-5.25 5.2500001,5.2500001 0 0 0 -5.25,-5.25 z" style="fill: steelblue; stroke-width: 2.07345;" id="foreground"></path></svg><svg xmlns:dc="http://purl.org/dc/elements/1.1/" xmlns:cc="http://creativecommons.org/ns#" xmlns:rdf="http://www.w3.org/1999/02/22-rdf-syntax-ns#" xmlns:svg="http://www.w3.org/2000/svg" xmlns="http://www.w3.org/2000/svg" xmlns:sodipodi="http://sodipodi.sourceforge.net/DTD/sodipodi-0.dtd" xmlns:inkscape="http://www.inkscape.org/namespaces/inkscape" version="1.1" x="31" y="53" viewBox="0 0 48 48" enable-background="new 0 0 512 512" xml:space="preserve" id="svg3649" inkscape:version="1.0 (4035a4f, 2020-05-01)" sodipodi:docname="icon.svg" width="50px" height="50px"><metadata id="metadata3661"><rdf:RDF><cc:Work rdf:about=""><dc:format>image/svg+xml</dc:format><dc:type rdf:resource="http://purl.org/dc/dcmitype/StillImage"></dc:type><dc:title></dc:title></cc:Work></rdf:RDF></metadata><defs id="defs3659"></defs><sodipodi:namedview pagecolor="#ffffff" bordercolor="#666666" borderopacity="1" objecttolerance="10" gridtolerance="10" guidetolerance="10" inkscape:pageopacity="0" inkscape:pageshadow="2" inkscape:window-width="1680" inkscape:window-height="1005" id="namedview3657" showgrid="false" inkscape:zoom="5.7550881" inkscape:cx="12.076332" inkscape:cy="50.07101" inkscape:window-x="0" inkscape:window-y="23" inkscape:window-maximized="0" inkscape:current-layer="svg3649" inkscape:document-rotation="0"></sodipodi:namedview><path d="m 16.5,10.125 a 7.5000001,7.5000001 0 0 0 -7.5,7.5 7.5000001,7.5000001 0 0 0 6.375,7.414062 V 32.625 l 2.25,-2.25 V 25.039062 A 7.5000001,7.5000001 0 0 0 24,17.625 a 7.5000001,7.5000001 0 0 0 -7.5,-7.5 z m 13.875,0 v 7.5 l 2.25,-2.25 v -5.25 z M 16.5,12.375 a 5.2500001,5.2500001 0 0 1 5.25,5.25 5.2500001,5.2500001 0 0 1 -5.25,5.25 5.2500001,5.2500001 0 0 1 -5.25,-5.25 5.2500001,5.2500001 0 0 1 5.25,-5.25 z M 48,0 32.625,15.375 v 7.585938 A 7.5000001,7.5000001 0 0 1 39,30.375 a 7.5000001,7.5000001 0 0 1 -7.5,7.5 7.5000001,7.5000001 0 0 1 -7.5,-7.5 7.5000001,7.5000001 0 0 1 6.375,-7.414062 V 17.625 l -12.75,12.75 v 7.5 h -2.25 v -5.25 L 0,48 H 48 Z M 31.5,25.125 a 5.2500001,5.2500001 0 0 0 -5.25,5.25 5.2500001,5.2500001 0 0 0 5.25,5.25 5.2500001,5.2500001 0 0 0 5.25,-5.25 5.2500001,5.2500001 0 0 0 -5.25,-5.25 z" style="fill: orange; stroke-width: 2.07345;" id="foreground"></path></svg><svg xmlns:dc="http://purl.org/dc/elements/1.1/" xmlns:cc="http://creativecommons.org/ns#" xmlns:rdf="http://www.w3.org/1999/02/22-rdf-syntax-ns#" xmlns:svg="http://www.w3.org/2000/svg" xmlns="http://www.w3.org/2000/svg" xmlns:sodipodi="http://sodipodi.sourceforge.net/DTD/sodipodi-0.dtd" xmlns:inkscape="http://www.inkscape.org/namespaces/inkscape" version="1.1" x="98" y="431" viewBox="0 0 48 48" enable-background="new 0 0 512 512" xml:space="preserve" id="svg3649" inkscape:version="1.0 (4035a4f, 2020-05-01)" sodipodi:docname="icon.svg" width="50px" height="50px"><metadata id="metadata3661"><rdf:RDF><cc:Work rdf:about=""><dc:format>image/svg+xml</dc:format><dc:type rdf:resource="http://purl.org/dc/dcmitype/StillImage"></dc:type><dc:title></dc:title></cc:Work></rdf:RDF></metadata><defs id="defs3659"></defs><sodipodi:namedview pagecolor="#ffffff" bordercolor="#666666" borderopacity="1" objecttolerance="10" gridtolerance="10" guidetolerance="10" inkscape:pageopacity="0" inkscape:pageshadow="2" inkscape:window-width="1680" inkscape:window-height="1005" id="namedview3657" showgrid="false" inkscape:zoom="5.7550881" inkscape:cx="12.076332" inkscape:cy="50.07101" inkscape:window-x="0" inkscape:window-y="23" inkscape:window-maximized="0" inkscape:current-layer="svg3649" inkscape:document-rotation="0"></sodipodi:namedview><path d="m 16.5,10.125 a 7.5000001,7.5000001 0 0 0 -7.5,7.5 7.5000001,7.5000001 0 0 0 6.375,7.414062 V 32.625 l 2.25,-2.25 V 25.039062 A 7.5000001,7.5000001 0 0 0 24,17.625 a 7.5000001,7.5000001 0 0 0 -7.5,-7.5 z m 13.875,0 v 7.5 l 2.25,-2.25 v -5.25 z M 16.5,12.375 a 5.2500001,5.2500001 0 0 1 5.25,5.25 5.2500001,5.2500001 0 0 1 -5.25,5.25 5.2500001,5.2500001 0 0 1 -5.25,-5.25 5.2500001,5.2500001 0 0 1 5.25,-5.25 z M 48,0 32.625,15.375 v 7.585938 A 7.5000001,7.5000001 0 0 1 39,30.375 a 7.5000001,7.5000001 0 0 1 -7.5,7.5 7.5000001,7.5000001 0 0 1 -7.5,-7.5 7.5000001,7.5000001 0 0 1 6.375,-7.414062 V 17.625 l -12.75,12.75 v 7.5 h -2.25 v -5.25 L 0,48 H 48 Z M 31.5,25.125 a 5.2500001,5.2500001 0 0 0 -5.25,5.25 5.2500001,5.2500001 0 0 0 5.25,5.25 5.2500001,5.2500001 0 0 0 5.25,-5.25 5.2500001,5.2500001 0 0 0 -5.25,-5.25 z" style="fill: steelblue; stroke-width: 2.07345;" id="foreground"></path></svg>
  <!-- #halfLine -->
</svg><link rel="stylesheet" href="base/test.css"></gst-fake-shadow></pb-pad>