<pb-pad><gst-fake-shadow><svg id="root" height="100%" width="100%">
  <!-- #contents --><line x1="12" y1="45" x2="24" y2="90" stroke="orange" stroke-width="10" gst-warning-is-unknown=""></line>
  <!-- #halfLine -->
</svg><link rel="stylesheet" href="base/test.css"></gst-fake-shadow></pb-pad>