<pb-pad><gst-fake-shadow><svg id="root" height="100%" width="100%">
  <!-- #contents -->
  <!-- #halfLine --><line x1="12" y1="45" stroke="orange" stroke-width="10" x2="36" y2="135" gst-warning-is-unknown=""></line>
</svg><link rel="stylesheet" href="base/test.css"></gst-fake-shadow></pb-pad>