<pbt-test><gst-fake-shadow><div id="container"><!-- #ref --></div><link rel="stylesheet" href="base/test.css"></gst-fake-shadow></pbt-test>