<pb-help-overlay><style>
  #root {
    background-color: var(--mkThemeBG);
    color: var(--mkThemeFG);
    display: none;
  }

  #root.isVisible {
    display: flex;
  }

  #root td:first-child {
    font-family: var(--mkFontFamilyMono);
  }
</style>

<template id="tableRow"></template>

<div id="root" layout="column" fill-parent="" flex-justify="center" flex-align="center" class="isVisible">
  <table mk-body-1="">
    <thead>
      <tr>
        <th>Trigger</th>
        <th>Action</th>
      </tr>
    </thead>
    <tbody id="content">
      <!-- #rows--><tr><td><mk-keyboard a="test"><style>
   kbd {
    padding: .1rem .4rem;
    margin: 0 .2rem;
  }
</style>

<!-- #content --><kbd><kbd mk-theme-highlight="">⎇ Alt</kbd>+<kbd mk-theme-highlight="">⌘</kbd>+<kbd mk-theme-highlight="">(click)</kbd></kbd><link rel="stylesheet" href="base/test.css"></mk-keyboard></td><td>ACTION_NAME</td></tr>
    </tbody>
  </table>
</div>
<link rel="stylesheet" href="base/test.css"></pb-help-overlay>