<pb-help-overlay><style>
  #root {
    background-color: var(--mkThemeBG);
    color: var(--mkThemeFG);
    display: none;
    overflow: scroll;
  }

  #root.isVisible {
    display: flex;
  }

  #root td:first-child {
    font-family: var(--mkFontFamilyMono);
  }

  #root > * {
    width: 25%;
  }
</style>

<div id="root" layout="column" fill-parent="" flex-justify="center" flex-align="center" class="">
  <!-- #tables -->
</div>
<link rel="stylesheet" href="base/test.css"></pb-help-overlay>