<pbd-canvas><style>
  #canvasContainer {
    height: 130px;
    width: 130px;
    position: relative;
  }

  #circleNode, #noneNode, #squareNode, #triangleNode {
    position: absolute;
  }

  #circleNode {
    top: 0;
    left: 0;
  }

  #noneNode {
    bottom: 0;
    right: 0;
  }

  #squareNode {
    top: 0;
    right: 0;
  }

  #triangleNode {
    bottom: 0;
    left: 0;
  }
</style>

<pbd-documentation-template mk-body-1="" label="Canvas"><style>
  #content::slotted(*) {
    padding-left: 1rem;
    padding-right: 1rem;
  }

  #title {
    padding-left: 1rem;
    padding-right: 1rem;
  }
</style>

<section flex="">
  <h3 id="title" mk-display="">Canvas</h3>
  <slot id="content" name="content"><div slot="content">
    <p>
      Canvas lets you to draw arbitrary lines using nodes. To make the nodes very customizable,
      Protoboard doesn't come with any built in nodes.
    </p>
    <div id="canvasContainer">
      <div id="background">
        <!-- #content --><svg xmlns:dc="http://purl.org/dc/elements/1.1/" xmlns:cc="http://creativecommons.org/ns#" xmlns:rdf="http://www.w3.org/1999/02/22-rdf-syntax-ns#" xmlns:svg="http://www.w3.org/2000/svg" xmlns="http://www.w3.org/2000/svg" xmlns:sodipodi="http://sodipodi.sourceforge.net/DTD/sodipodi-0.dtd" xmlns:inkscape="http://www.inkscape.org/namespaces/inkscape" sodipodi:docname="canvas_bg.svg" inkscape:version="1.0 (4035a4f, 2020-05-01)" id="svg845" version="1.1" viewBox="0 0 34.395832 34.395863" height="130.00011" width="130">
  <defs id="defs839"></defs>
  <sodipodi:namedview units="px" inkscape:window-maximized="0" inkscape:window-y="25" inkscape:window-x="0" inkscape:window-height="997" inkscape:window-width="1680" fit-margin-bottom="0" fit-margin-right="0" fit-margin-left="0" fit-margin-top="0" showgrid="false" inkscape:document-rotation="0" inkscape:current-layer="layer1" inkscape:document-units="mm" inkscape:cy="89.619814" inkscape:cx="70.811689" inkscape:zoom="2.5083109" inkscape:pageshadow="2" inkscape:pageopacity="0.0" borderopacity="1.0" bordercolor="#666666" pagecolor="#ffffff" id="base"></sodipodi:namedview>
  <metadata id="metadata842">
    <rdf:RDF>
      <cc:Work rdf:about="">
        <dc:format>image/svg+xml</dc:format>
        <dc:type rdf:resource="http://purl.org/dc/dcmitype/StillImage"></dc:type>
        <dc:title></dc:title>
      </cc:Work>
    </rdf:RDF>
  </metadata>
  <g transform="translate(0,2.8294168e-5)" id="layer1" inkscape:groupmode="layer" inkscape:label="Layer 1">
    <path transform="scale(0.26458333)" d="M 14.886719,0 A 15,15 0 0 0 0,15 15,15 0 0 0 10,29.140625 V 100.85742 A 15,15 0 0 0 0,115 15,15 0 0 0 15,130 15,15 0 0 0 29.140625,120 H 100.85742 A 15,15 0 0 0 115,130 15,15 0 0 0 130,115 15,15 0 0 0 120,100.85938 V 29.142578 A 15,15 0 0 0 130,15 15,15 0 0 0 115,0 15,15 0 0 0 100.85938,10 H 29.142578 A 15,15 0 0 0 15,0 15,15 0 0 0 14.886719,0 Z M 29.140625,20 H 100.85742 A 15,15 0 0 0 110,29.140625 V 100.85742 A 15,15 0 0 0 100.85938,110 H 29.142578 A 15,15 0 0 0 20,100.85938 V 29.142578 A 15,15 0 0 0 29.140625,20 Z" style="fill:#666666;stroke-width:1.5219" id="path1408"></path>
  </g>
</svg>
      </div>
      <pb-canvas id="canvas" fill-parent="" object-id="4"><svg id="root" height="auto" width="auto">
  <!-- #permanents -->
  <!-- #halfline -->
</svg><link rel="stylesheet" href="base/test.css"></pb-canvas>
      <pbd-canvas-node id="squareNode" icon-type="canvas_square" x="100" y="0" object-id="4"><style>
  #root {
    background-color: transparent;
    border: 1px solid var(--mkThemeFG);
    height: 30px;
    width: 30px;
  }

  #root:hover {
    background-color: var(--mkThemeBG);
  }
</style>

<div id="root" mk-action-2=""></div><link rel="stylesheet" href="base/test.css"></pbd-canvas-node>
      <pbd-canvas-node id="circleNode" icon-type="canvas_circle" x="0" y="0" object-id="4"><style>
  #root {
    background-color: transparent;
    border: 1px solid var(--mkThemeFG);
    height: 30px;
    width: 30px;
  }

  #root:hover {
    background-color: var(--mkThemeBG);
  }
</style>

<div id="root" mk-action-2=""></div><link rel="stylesheet" href="base/test.css"></pbd-canvas-node>
      <pbd-canvas-node id="triangleNode" icon-type="canvas_triangle" x="0" y="100" object-id="4"><style>
  #root {
    background-color: transparent;
    border: 1px solid var(--mkThemeFG);
    height: 30px;
    width: 30px;
  }

  #root:hover {
    background-color: var(--mkThemeBG);
  }
</style>

<div id="root" mk-action-2=""></div><link rel="stylesheet" href="base/test.css"></pbd-canvas-node>
      <pbd-canvas-node id="noneNode" x="100" y="100" object-id="4"><style>
  #root {
    background-color: transparent;
    border: 1px solid var(--mkThemeFG);
    height: 30px;
    width: 30px;
  }

  #root:hover {
    background-color: var(--mkThemeBG);
  }
</style>

<div id="root" mk-action-2=""></div><link rel="stylesheet" href="base/test.css"></pbd-canvas-node>
    </div>
  </div></slot>
</section>
<link rel="stylesheet" href="base/test.css"></pbd-documentation-template>
<link rel="stylesheet" href="base/test.css"></pbd-canvas>