<pbd-d2><style>
  .slotContainer {
    display: inline-block;
    position: relative;
    width: 12rem;
    height: 12rem;
  }
</style>

<pbd-documentation-template mk-body-1="" label="D2"><style>
  #content::slotted(*) {
    padding-left: 1rem;
    padding-right: 1rem;
  }

  #title {
    padding-left: 1rem;
    padding-right: 1rem;
  }
</style>

<section flex="">
  <h3 id="title" mk-display="">D2</h3>
  <slot id="content" name="content"><div slot="content">
    <p>
      A D2 is a piece with 2 faces.
    </p>
    <p>
      Some examples:
    </p>
    <ul>
      <li>
        <p>Card</p>
        <div class="slotContainer">
          <pb-slot id="cardSlot" object-path="i::6"><style>
  #root {
    align-items: center;
    justify-content: center;
    background-color: var(--mkThemeBG);
    border: 1px solid var(--mkThemeFG);
    box-sizing: border-box;
    flex-wrap: wrap;
  }
</style>

<div id="root" fill-parent="" mk-action-2="" layout="row">
  <!-- #content--><pb-d2 object-path="i::2"><slot id="face" name="face-0"><pbd-rendered-face face-type="cardback" slot="face-0"><style>
  #summary {
    height: 4rem;
    width: 4rem;
  }
</style>
<pb-lens><style>
  #details {
    display: none;
  }
</style>

<div id="root">
  <slot name="summary"><div id="summary" slot="summary">
    <mk-icon id="icon" aria-hidden="true" role="presentation" icon="cardback"><style>
  :host {
    pointer-events: none;
    user-select: none;
  }

  #root > svg #foreground {
    fill: var(--mkThemeFG) !important;
  }
</style>
<span id="root">
  <!-- #content --><svg xmlns:dc="http://purl.org/dc/elements/1.1/" xmlns:cc="http://creativecommons.org/ns#" xmlns:rdf="http://www.w3.org/1999/02/22-rdf-syntax-ns#" xmlns:svg="http://www.w3.org/2000/svg" xmlns="http://www.w3.org/2000/svg" xmlns:sodipodi="http://sodipodi.sourceforge.net/DTD/sodipodi-0.dtd" xmlns:inkscape="http://www.inkscape.org/namespaces/inkscape" inkscape:version="1.0 (4035a4f, 2020-05-01)" sodipodi:docname="card_back.svg" id="svg22" y="0px" x="0px" version="1.1" viewBox="0 0 24 24" height="100%">
  <metadata id="metadata28">
    <rdf:RDF>
      <cc:Work rdf:about="">
        <dc:format>image/svg+xml</dc:format>
        <dc:type rdf:resource="http://purl.org/dc/dcmitype/StillImage"></dc:type>
        <dc:title>King of Spades inverted</dc:title>
      </cc:Work>
    </rdf:RDF>
  </metadata>
  <defs id="defs26"></defs>
  <sodipodi:namedview inkscape:current-layer="svg22" inkscape:window-maximized="0" inkscape:window-y="286" inkscape:window-x="-13" inkscape:cy="51.525298" inkscape:cx="-21.800595" inkscape:zoom="5.376" showgrid="false" id="namedview24" inkscape:window-height="870" inkscape:window-width="1381" inkscape:pageshadow="2" inkscape:pageopacity="0" guidetolerance="10" gridtolerance="10" objecttolerance="10" borderopacity="1" inkscape:document-rotation="0" bordercolor="#666666" pagecolor="#ffffff" units="px"></sodipodi:namedview>
  <title id="title10">King of Spades inverted</title>
  <desc id="desc12">Created with Sketch.</desc>
  <path style="stroke:none;stroke-width:0.266667" d="M 5.3333335,0 H 18.666666 c 0.662742,0 1.2,0.5372583 1.2,1.2 v 21.6 c 0,0.662742 -0.537258,1.2 -1.2,1.2 H 5.3333335 c -0.662742,0 -1.2,-0.537258 -1.2,-1.2 V 1.2 c 0,-0.6627417 0.537258,-1.2 1.2,-1.2 z" id="foreground"></path>
  <text id="text18" font-family="'Helvetica Neue', Helvetica, Arial-Unicode, Arial, Sans-serif" font-weight="bold" font-size="5px" fill="#000000" y="124.11459" x="0.18601191">Created by Joel Wisneski</text>
  <text id="text20" font-family="'Helvetica Neue', Helvetica, Arial-Unicode, Arial, Sans-serif" font-weight="bold" font-size="5px" fill="#000000" y="129.11458" x="0.18601191">from the Noun Project</text>
</svg>
</span>
<link rel="stylesheet" href="base/test.css"></mk-icon>
  </div></slot>
</div>
<slot id="details" name="details"><div slot="details">
    <h3 id="name">Card Back</h3>
    <p mk-body-1="">More detailed information on the piece goes here.</p>
  </div></slot><link rel="stylesheet" href="base/test.css"></pb-lens><link rel="stylesheet" href="base/test.css"></pbd-rendered-face></slot>
<link rel="stylesheet" href="base/test.css"></pb-d2>
</div>
<link rel="stylesheet" href="base/test.css"></pb-slot>
        </div>
      </li>
      <li>
        <p>Coin</p>
        <div class="slotContainer">
          <pb-slot id="coinSlot" object-path="i::7"><style>
  #root {
    align-items: center;
    justify-content: center;
    background-color: var(--mkThemeBG);
    border: 1px solid var(--mkThemeFG);
    box-sizing: border-box;
    flex-wrap: wrap;
  }
</style>

<div id="root" fill-parent="" mk-action-2="" layout="row">
  <!-- #content--><pb-d2 object-path="i::4"><slot id="face" name="face-0"><pbd-rendered-face face-type="coinfront" slot="face-0"><style>
  #summary {
    height: 4rem;
    width: 4rem;
  }
</style>
<pb-lens><style>
  #details {
    display: none;
  }
</style>

<div id="root">
  <slot name="summary"><div id="summary" slot="summary">
    <mk-icon id="icon" aria-hidden="true" role="presentation" icon="coinfront"><style>
  :host {
    pointer-events: none;
    user-select: none;
  }

  #root > svg #foreground {
    fill: var(--mkThemeFG) !important;
  }
</style>
<span id="root">
  <!-- #content --><svg xmlns:dc="http://purl.org/dc/elements/1.1/" xmlns:cc="http://creativecommons.org/ns#" xmlns:rdf="http://www.w3.org/1999/02/22-rdf-syntax-ns#" xmlns:svg="http://www.w3.org/2000/svg" xmlns="http://www.w3.org/2000/svg" xmlns:sodipodi="http://sodipodi.sourceforge.net/DTD/sodipodi-0.dtd" xmlns:inkscape="http://www.inkscape.org/namespaces/inkscape" sodipodi:docname="coin.svg" inkscape:version="1.0 (4035a4f, 2020-05-01)" id="svg4170" xml:space="preserve" enable-background="new 0 0 100 100" viewBox="0 0 24 24" y="0px" x="0px" version="1.1" fill="#000000" height="100%"><metadata id="metadata4178"><rdf:RDF><cc:Work rdf:about=""><dc:format>image/svg+xml</dc:format><dc:type rdf:resource="http://purl.org/dc/dcmitype/StillImage"></dc:type><dc:title></dc:title></cc:Work></rdf:RDF></metadata><defs id="defs4176"></defs><sodipodi:namedview inkscape:document-rotation="0" inkscape:current-layer="svg4170" inkscape:window-maximized="0" inkscape:window-y="23" inkscape:window-x="0" inkscape:cy="40.380379" inkscape:cx="2.8697312" inkscape:zoom="3.095" showgrid="false" id="namedview4174" inkscape:window-height="825" inkscape:window-width="1393" inkscape:pageshadow="2" inkscape:pageopacity="0" guidetolerance="10" gridtolerance="10" objecttolerance="10" borderopacity="1" bordercolor="#666666" pagecolor="#ffffff"></sodipodi:namedview><path inkscape:connector-curvature="0" id="foreground" d="M 12,0 A 12,12 0 0 0 0,12 12,12 0 0 0 12,24 12,12 0 0 0 24,12 12,12 0 0 0 12,0 Z m -0.435,3.9796874 h 1.258125 v 1.8576564 c 0.945536,0.1294484 1.680172,0.5260299 2.203594,1.1901562 0.52905,0.6641261 0.793594,1.5729398 0.793594,2.7267187 h -1.553438 c 0,-0.7935746 -0.188692,-1.4237981 -0.565781,-1.8909374 C 13.324005,7.3961414 12.814582,7.1625 12.172969,7.1625 c -0.669755,0 -1.181987,0.1746463 -1.536563,0.5235938 -0.354576,0.3433196 -0.531562,0.8246494 -0.531562,1.44375 0,0.5740752 0.185414,1.0324622 0.556875,1.3757812 0.377088,0.337691 0.993734,0.647184 1.849218,0.928594 0.861113,0.275781 1.530667,0.582465 2.009063,0.920156 0.484024,0.332063 0.838466,0.720686 1.063594,1.165312 0.230756,0.444628 0.346406,0.965288 0.346406,1.561876 0,0.951163 -0.287018,1.716234 -0.861094,2.295937 -0.568447,0.579703 -1.367697,0.923377 -2.397656,1.030313 v 1.6125 h -1.249687 v -1.6125 C 10.37472,18.312133 9.5529943,17.940367 8.9564062,17.293125 8.3654465,16.640255 8.07,15.756725 8.07,14.642344 h 1.5618749 c 0,0.782318 0.2055485,1.384448 0.6164061,1.806562 0.410858,0.422115 0.993323,0.633281 1.7475,0.633281 0.737293,0 1.316948,-0.177455 1.739063,-0.532031 0.422114,-0.354576 0.633281,-0.838246 0.633281,-1.451719 0,-0.517793 -0.183074,-0.954174 -0.548906,-1.30875 C 13.459015,13.435111 12.848456,13.114381 11.987344,12.827344 10.78854,12.461511 9.9134376,11.9858 9.3618749,11.400469 8.8159409,10.809509 8.5429687,10.061294 8.5429687,9.1551562 8.5429687,8.2321334 8.810322,7.4750222 9.345,6.8840626 9.885306,6.2931026 10.625093,5.94147 11.565,5.8289062 Z" style="color:#000000;clip-rule:nonzero;display:inline;overflow:visible;visibility:visible;opacity:1;isolation:auto;mix-blend-mode:normal;color-interpolation:sRGB;color-interpolation-filters:linearRGB;solid-color:#000000;solid-opacity:1;fill:#000000;fill-opacity:1;fill-rule:nonzero;stroke:none;stroke-width:2.4;stroke-linecap:butt;stroke-linejoin:miter;stroke-miterlimit:4;stroke-dasharray:none;stroke-dashoffset:0;stroke-opacity:1;color-rendering:auto;image-rendering:auto;shape-rendering:auto;text-rendering:auto;enable-background:accumulate"></path></svg>
</span>
<link rel="stylesheet" href="base/test.css"></mk-icon>
  </div></slot>
</div>
<slot id="details" name="details"><div slot="details">
    <h3 id="name">Coin Front</h3>
    <p mk-body-1="">More detailed information on the piece goes here.</p>
  </div></slot><link rel="stylesheet" href="base/test.css"></pb-lens><link rel="stylesheet" href="base/test.css"></pbd-rendered-face></slot>
<link rel="stylesheet" href="base/test.css"></pb-d2>
</div>
<link rel="stylesheet" href="base/test.css"></pb-slot>
        </div>
      </li>
    </ul>
  </div></slot>
</section>
<link rel="stylesheet" href="base/test.css"></pbd-documentation-template>
<link rel="stylesheet" href="base/test.css"></pbd-d2>