<pbd-d6><style>
  .slotContainer {
    display: inline-block;
    position: relative;
    width: 12rem;
    height: 12rem;
  }
</style>

<pbd-documentation-template mk-body-1="" label="D6"><style>
  #content::slotted(*) {
    padding-left: 1rem;
    padding-right: 1rem;
  }

  #title {
    padding-left: 1rem;
    padding-right: 1rem;
  }
</style>

<section flex="">
  <h3 id="title" mk-display="">D6</h3>
  <slot id="content" name="content"><div slot="content">
    <p>
      A D6 is a piece with six faces. The most obvious example is a six sided die.
    </p>
    <p>
      </p><div class="slotContainer">
        <pb-slot id="diceSlot" object-path="i::4"><style>
  #root {
    align-items: center;
    justify-content: center;
    background-color: var(--mkThemeBG);
    border: 1px solid var(--mkThemeFG);
    box-sizing: border-box;
    flex-wrap: wrap;
  }
</style>

<div id="root" fill-parent="" mk-action-2="" layout="row">
  <!-- #content--><pb-d6 object-path="i::2"><slot id="face" name="face-0"><pbd-rendered-face face-type="dicepip1" slot="face-0"><style>
  #summary {
    height: 4rem;
    width: 4rem;
  }
</style>
<pb-lens><style>
  #details {
    display: none;
  }
</style>

<div id="root">
  <slot name="summary"><div id="summary" slot="summary">
    <mk-icon id="icon" aria-hidden="true" role="presentation" icon="dicepip1"><style>
  :host {
    pointer-events: none;
    user-select: none;
  }

  #root > svg #foreground {
    fill: var(--mkThemeFG) !important;
  }
</style>
<span id="root">
  <!-- #content --><svg xmlns:dc="http://purl.org/dc/elements/1.1/" xmlns:cc="http://creativecommons.org/ns#" xmlns:rdf="http://www.w3.org/1999/02/22-rdf-syntax-ns#" xmlns:svg="http://www.w3.org/2000/svg" xmlns="http://www.w3.org/2000/svg" xmlns:sodipodi="http://sodipodi.sourceforge.net/DTD/sodipodi-0.dtd" xmlns:inkscape="http://www.inkscape.org/namespaces/inkscape" height="100%" fill="#000000" version="1.1" x="0px" y="0px" viewBox="0 0 24 24" enable-background="new 0 0 100 100" xml:space="preserve" id="svg4170" inkscape:version="1.0 (4035a4f, 2020-05-01)" sodipodi:docname="dice_pip_1.svg"><metadata id="metadata4178"><rdf:RDF><cc:Work rdf:about=""><dc:format>image/svg+xml</dc:format><dc:type rdf:resource="http://purl.org/dc/dcmitype/StillImage"></dc:type><dc:title></dc:title></cc:Work></rdf:RDF></metadata><defs id="defs4176"></defs><sodipodi:namedview pagecolor="#ffffff" bordercolor="#666666" borderopacity="1" objecttolerance="10" gridtolerance="10" guidetolerance="10" inkscape:pageopacity="0" inkscape:pageshadow="2" inkscape:window-width="1393" inkscape:window-height="825" id="namedview4174" showgrid="false" inkscape:zoom="11.538666" inkscape:cx="7.1434192" inkscape:cy="17.107915" inkscape:window-x="0" inkscape:window-y="25" inkscape:window-maximized="0" inkscape:current-layer="svg4170" inkscape:document-rotation="0"></sodipodi:namedview><path d="M 4.8535156 0 C 2.1648164 5.9211895e-16 0 2.1648164 0 4.8535156 L 0 19.146484 C -5.9211895e-16 21.835184 2.1648164 24 4.8535156 24 L 19.146484 24 C 21.835184 24 24 21.835184 24 19.146484 L 24 4.8535156 C 24 2.1648164 21.835184 0 19.146484 0 L 4.8535156 0 z M 11.939453 8 A 4 4 0 0 1 12 8 A 4 4 0 0 1 16 12 A 4 4 0 0 1 12 16 A 4 4 0 0 1 8 12 A 4 4 0 0 1 11.939453 8 z " style="fill:#000000;stroke-width:2.23856" id="foreground"></path></svg>
</span>
<link rel="stylesheet" href="base/test.css"></mk-icon>
  </div></slot>
</div>
<slot id="details" name="details"><div slot="details">
    <h3 id="name">Dice 1 (pip)</h3>
    <p mk-body-1="">More detailed information on the piece goes here.</p>
  </div></slot><link rel="stylesheet" href="base/test.css"></pb-lens><link rel="stylesheet" href="base/test.css"></pbd-rendered-face></slot>
<link rel="stylesheet" href="base/test.css"></pb-d6>
</div>
<link rel="stylesheet" href="base/test.css"></pb-slot>
      </div>
    <p></p>
  </div></slot>
</section>
<link rel="stylesheet" href="base/test.css"></pbd-documentation-template>
<link rel="stylesheet" href="base/test.css"></pbd-d6>