<pbt-test><gst-fake-shadow><div id="div"><!-- #ref --></div><link rel="stylesheet" href="base/test.css"></gst-fake-shadow></pbt-test>