{
  "drop-action__empty.html": "<pbt-test><gst-fake-shadow><div id=\"div\"><!-- #ref --></div><link rel=\"stylesheet\" href=\"base/test.css\"></gst-fake-shadow></pbt-test>",
  "drop-action__trigger.html": "<pbt-test><gst-fake-shadow><div id=\"div\"><!-- #ref --><pb-d1><gst-fake-shadow><div id=\"container\" style=\"transform: rotateZ(0deg);\">\n<pbt-face shade=\"steelblue\" slot=\"face-0\"><gst-fake-shadow><style>\n  #root {\n    height: 48px;\n    width: 48px;\n  }\n\n  #root > svg #foreground {\n    fill: var(--pbtShade) !important;\n  }\n</style>\n<div id=\"root\" style=\"--pbtShade:steelblue;\"><svg xmlns:dc=\"http://purl.org/dc/elements/1.1/\" xmlns:cc=\"http://creativecommons.org/ns#\" xmlns:rdf=\"http://www.w3.org/1999/02/22-rdf-syntax-ns#\" xmlns:svg=\"http://www.w3.org/2000/svg\" xmlns=\"http://www.w3.org/2000/svg\" xmlns:sodipodi=\"http://sodipodi.sourceforge.net/DTD/sodipodi-0.dtd\" xmlns:inkscape=\"http://www.inkscape.org/namespaces/inkscape\" version=\"1.1\" x=\"0px\" y=\"0px\" viewBox=\"0 0 48 48\" enable-background=\"new 0 0 512 512\" xml:space=\"preserve\" id=\"svg3649\" inkscape:version=\"1.0 (4035a4f, 2020-05-01)\" sodipodi:docname=\"icon.svg\" width=\"48\" height=\"48\"><metadata id=\"metadata3661\"><rdf:RDF><cc:Work rdf:about=\"\"><dc:format>image/svg+xml</dc:format><dc:type rdf:resource=\"http://purl.org/dc/dcmitype/StillImage\"></dc:type><dc:title></dc:title></cc:Work></rdf:RDF></metadata><defs id=\"defs3659\"></defs><sodipodi:namedview pagecolor=\"#ffffff\" bordercolor=\"#666666\" borderopacity=\"1\" objecttolerance=\"10\" gridtolerance=\"10\" guidetolerance=\"10\" inkscape:pageopacity=\"0\" inkscape:pageshadow=\"2\" inkscape:window-width=\"1680\" inkscape:window-height=\"1005\" id=\"namedview3657\" showgrid=\"false\" inkscape:zoom=\"5.7550881\" inkscape:cx=\"12.076332\" inkscape:cy=\"50.07101\" inkscape:window-x=\"0\" inkscape:window-y=\"23\" inkscape:window-maximized=\"0\" inkscape:current-layer=\"svg3649\" inkscape:document-rotation=\"0\"></sodipodi:namedview><path d=\"m 16.5,10.125 a 7.5000001,7.5000001 0 0 0 -7.5,7.5 7.5000001,7.5000001 0 0 0 6.375,7.414062 V 32.625 l 2.25,-2.25 V 25.039062 A 7.5000001,7.5000001 0 0 0 24,17.625 a 7.5000001,7.5000001 0 0 0 -7.5,-7.5 z m 13.875,0 v 7.5 l 2.25,-2.25 v -5.25 z M 16.5,12.375 a 5.2500001,5.2500001 0 0 1 5.25,5.25 5.2500001,5.2500001 0 0 1 -5.25,5.25 5.2500001,5.2500001 0 0 1 -5.25,-5.25 5.2500001,5.2500001 0 0 1 5.25,-5.25 z M 48,0 32.625,15.375 v 7.585938 A 7.5000001,7.5000001 0 0 1 39,30.375 a 7.5000001,7.5000001 0 0 1 -7.5,7.5 7.5000001,7.5000001 0 0 1 -7.5,-7.5 7.5000001,7.5000001 0 0 1 6.375,-7.414062 V 17.625 l -12.75,12.75 v 7.5 h -2.25 v -5.25 L 0,48 H 48 Z M 31.5,25.125 a 5.2500001,5.2500001 0 0 0 -5.25,5.25 5.2500001,5.2500001 0 0 0 5.25,5.25 5.2500001,5.2500001 0 0 0 5.25,-5.25 5.2500001,5.2500001 0 0 0 -5.25,-5.25 z\" style=\"fill:#000000;stroke-width:2.07345\" id=\"foreground\"></path></svg></div></gst-fake-shadow></pbt-face></div>\n<link rel=\"stylesheet\" href=\"base/test.css\"></gst-fake-shadow></pb-d1></div><link rel=\"stylesheet\" href=\"base/test.css\"></gst-fake-shadow></pbt-test>",
  "help-overlay__deleted.html": "<pb-help-overlay><gst-fake-shadow><style>\n  #root {\n    background-color: var(--mkThemeBG);\n    color: var(--mkThemeFG);\n    display: none;\n    overflow: scroll;\n  }\n\n  #root.isVisible {\n    display: flex;\n  }\n\n  #root td:first-child {\n    font-family: var(--mkFontFamilyMono);\n  }\n</style>\n\n<div id=\"root\" layout=\"column\" fill-parent=\"\" flex-justify=\"center\" flex-align=\"center\" class=\"\">\n  <!-- #tables -->\n</div>\n<link rel=\"stylesheet\" href=\"base/test.css\"></gst-fake-shadow></pb-help-overlay>",
  "help-overlay__hidden.html": "<pb-help-overlay><gst-fake-shadow><style>\n  #root {\n    background-color: var(--mkThemeBG);\n    color: var(--mkThemeFG);\n    display: none;\n    overflow: scroll;\n  }\n\n  #root.isVisible {\n    display: flex;\n  }\n\n  #root td:first-child {\n    font-family: var(--mkFontFamilyMono);\n  }\n</style>\n\n<div id=\"root\" layout=\"column\" fill-parent=\"\" flex-justify=\"center\" flex-align=\"center\" class=\"\">\n  <!-- #tables -->\n</div>\n<link rel=\"stylesheet\" href=\"base/test.css\"></gst-fake-shadow></pb-help-overlay>",
  "help-overlay__render-empty.html": "<pb-help-overlay><gst-fake-shadow><style>\n  #root {\n    background-color: var(--mkThemeBG);\n    color: var(--mkThemeFG);\n    display: none;\n    overflow: scroll;\n  }\n\n  #root.isVisible {\n    display: flex;\n  }\n\n  #root td:first-child {\n    font-family: var(--mkFontFamilyMono);\n  }\n</style>\n\n<div id=\"root\" layout=\"column\" fill-parent=\"\" flex-justify=\"center\" flex-align=\"center\">\n  <!-- #tables -->\n</div>\n<link rel=\"stylesheet\" href=\"base/test.css\"></gst-fake-shadow></pb-help-overlay>",
  "help-overlay__render-filled.html": "<pb-help-overlay><gst-fake-shadow><style>\n  #root {\n    background-color: var(--mkThemeBG);\n    color: var(--mkThemeFG);\n    display: none;\n    overflow: scroll;\n  }\n\n  #root.isVisible {\n    display: flex;\n  }\n\n  #root td:first-child {\n    font-family: var(--mkFontFamilyMono);\n  }\n</style>\n\n<div id=\"root\" layout=\"column\" fill-parent=\"\" flex-justify=\"center\" flex-align=\"center\" class=\"isVisible\">\n  <!-- #tables --><pb-help-table index=\"0\"><gst-fake-shadow><h3 id=\"title\">Component 1</h3>\n<table mk-body-1=\"\">\n  <thead>\n    <tr>\n      <th>Trigger</th>\n      <th>Action</th>\n    </tr>\n  </thead>\n  <tbody id=\"content\">\n    <!-- #rows-->\n  <tr>\n    <td><mk-keyboard text=\"alt meta (click)\"><gst-fake-shadow><style>\n   kbd {\n    padding: .1rem .4rem;\n    margin: 0 .2rem;\n  }\n</style>\n\n<kbd id=\"description\">\n  <!-- #content --><kbd mk-theme-highlight=\"\">⎇ Alt</kbd>+<kbd mk-theme-highlight=\"\">⌘</kbd>+<kbd mk-theme-highlight=\"\">(click)</kbd>\n</kbd>\n<!-- #theme --><link rel=\"stylesheet\" href=\"base/test.css\"></gst-fake-shadow></mk-keyboard></td>\n    <td>Action Name</td>\n  </tr>\n\n  </tbody>\n</table>\n\n<template id=\"_row\"></template><link rel=\"stylesheet\" href=\"base/test.css\"></gst-fake-shadow></pb-help-table><pb-help-table index=\"1\"><gst-fake-shadow><h3 id=\"title\">Component 2</h3>\n<table mk-body-1=\"\">\n  <thead>\n    <tr>\n      <th>Trigger</th>\n      <th>Action</th>\n    </tr>\n  </thead>\n  <tbody id=\"content\">\n    <!-- #rows-->\n  <tr>\n    <td><mk-keyboard text=\"ctrl shift d\"><gst-fake-shadow><style>\n   kbd {\n    padding: .1rem .4rem;\n    margin: 0 .2rem;\n  }\n</style>\n\n<kbd id=\"description\">\n  <!-- #content --><kbd mk-theme-highlight=\"\">Ctrl</kbd>+<kbd mk-theme-highlight=\"\">⇧ Shift</kbd>+<kbd mk-theme-highlight=\"\">d</kbd>\n</kbd>\n<!-- #theme --><link rel=\"stylesheet\" href=\"base/test.css\"></gst-fake-shadow></mk-keyboard></td>\n    <td>Action Name</td>\n  </tr>\n\n  </tbody>\n</table>\n\n<template id=\"_row\"></template><link rel=\"stylesheet\" href=\"base/test.css\"></gst-fake-shadow></pb-help-table>\n</div>\n<link rel=\"stylesheet\" href=\"base/test.css\"></gst-fake-shadow></pb-help-overlay>",
  "roll-action.html": "<pbt-test><gst-fake-shadow><pbt-face id=\"face\" shade=\"purple\"><gst-fake-shadow><style>\n  #root {\n    height: 48px;\n    width: 48px;\n  }\n\n  #root > svg #foreground {\n    fill: var(--pbtShade) !important;\n  }\n</style>\n<div id=\"root\" style=\"--pbtShade:purple;\"><svg xmlns:dc=\"http://purl.org/dc/elements/1.1/\" xmlns:cc=\"http://creativecommons.org/ns#\" xmlns:rdf=\"http://www.w3.org/1999/02/22-rdf-syntax-ns#\" xmlns:svg=\"http://www.w3.org/2000/svg\" xmlns=\"http://www.w3.org/2000/svg\" xmlns:sodipodi=\"http://sodipodi.sourceforge.net/DTD/sodipodi-0.dtd\" xmlns:inkscape=\"http://www.inkscape.org/namespaces/inkscape\" version=\"1.1\" x=\"0px\" y=\"0px\" viewBox=\"0 0 48 48\" enable-background=\"new 0 0 512 512\" xml:space=\"preserve\" id=\"svg3649\" inkscape:version=\"1.0 (4035a4f, 2020-05-01)\" sodipodi:docname=\"icon.svg\" width=\"48\" height=\"48\"><metadata id=\"metadata3661\"><rdf:RDF><cc:Work rdf:about=\"\"><dc:format>image/svg+xml</dc:format><dc:type rdf:resource=\"http://purl.org/dc/dcmitype/StillImage\"></dc:type><dc:title></dc:title></cc:Work></rdf:RDF></metadata><defs id=\"defs3659\"></defs><sodipodi:namedview pagecolor=\"#ffffff\" bordercolor=\"#666666\" borderopacity=\"1\" objecttolerance=\"10\" gridtolerance=\"10\" guidetolerance=\"10\" inkscape:pageopacity=\"0\" inkscape:pageshadow=\"2\" inkscape:window-width=\"1680\" inkscape:window-height=\"1005\" id=\"namedview3657\" showgrid=\"false\" inkscape:zoom=\"5.7550881\" inkscape:cx=\"12.076332\" inkscape:cy=\"50.07101\" inkscape:window-x=\"0\" inkscape:window-y=\"23\" inkscape:window-maximized=\"0\" inkscape:current-layer=\"svg3649\" inkscape:document-rotation=\"0\"></sodipodi:namedview><path d=\"m 16.5,10.125 a 7.5000001,7.5000001 0 0 0 -7.5,7.5 7.5000001,7.5000001 0 0 0 6.375,7.414062 V 32.625 l 2.25,-2.25 V 25.039062 A 7.5000001,7.5000001 0 0 0 24,17.625 a 7.5000001,7.5000001 0 0 0 -7.5,-7.5 z m 13.875,0 v 7.5 l 2.25,-2.25 v -5.25 z M 16.5,12.375 a 5.2500001,5.2500001 0 0 1 5.25,5.25 5.2500001,5.2500001 0 0 1 -5.25,5.25 5.2500001,5.2500001 0 0 1 -5.25,-5.25 5.2500001,5.2500001 0 0 1 5.25,-5.25 z M 48,0 32.625,15.375 v 7.585938 A 7.5000001,7.5000001 0 0 1 39,30.375 a 7.5000001,7.5000001 0 0 1 -7.5,7.5 7.5000001,7.5000001 0 0 1 -7.5,-7.5 7.5000001,7.5000001 0 0 1 6.375,-7.414062 V 17.625 l -12.75,12.75 v 7.5 h -2.25 v -5.25 L 0,48 H 48 Z M 31.5,25.125 a 5.2500001,5.2500001 0 0 0 -5.25,5.25 5.2500001,5.2500001 0 0 0 5.25,5.25 5.2500001,5.2500001 0 0 0 5.25,-5.25 5.2500001,5.2500001 0 0 0 -5.25,-5.25 z\" style=\"fill:#000000;stroke-width:2.07345\" id=\"foreground\"></path></svg></div></gst-fake-shadow></pbt-face><link rel=\"stylesheet\" href=\"base/test.css\"></gst-fake-shadow></pbt-test>",
  "rotate-action__next.html": "<pbt-test><gst-fake-shadow><div id=\"div\" style=\"position: absolute; transform: rotateZ(22deg);\"><pbt-face><gst-fake-shadow><style>\n  #root {\n    height: 48px;\n    width: 48px;\n  }\n\n  #root > svg #foreground {\n    fill: var(--pbtShade) !important;\n  }\n</style>\n<div id=\"root\" style=\"--pbtShade:steelblue;\"><svg xmlns:dc=\"http://purl.org/dc/elements/1.1/\" xmlns:cc=\"http://creativecommons.org/ns#\" xmlns:rdf=\"http://www.w3.org/1999/02/22-rdf-syntax-ns#\" xmlns:svg=\"http://www.w3.org/2000/svg\" xmlns=\"http://www.w3.org/2000/svg\" xmlns:sodipodi=\"http://sodipodi.sourceforge.net/DTD/sodipodi-0.dtd\" xmlns:inkscape=\"http://www.inkscape.org/namespaces/inkscape\" version=\"1.1\" x=\"0px\" y=\"0px\" viewBox=\"0 0 48 48\" enable-background=\"new 0 0 512 512\" xml:space=\"preserve\" id=\"svg3649\" inkscape:version=\"1.0 (4035a4f, 2020-05-01)\" sodipodi:docname=\"icon.svg\" width=\"48\" height=\"48\"><metadata id=\"metadata3661\"><rdf:RDF><cc:Work rdf:about=\"\"><dc:format>image/svg+xml</dc:format><dc:type rdf:resource=\"http://purl.org/dc/dcmitype/StillImage\"></dc:type><dc:title></dc:title></cc:Work></rdf:RDF></metadata><defs id=\"defs3659\"></defs><sodipodi:namedview pagecolor=\"#ffffff\" bordercolor=\"#666666\" borderopacity=\"1\" objecttolerance=\"10\" gridtolerance=\"10\" guidetolerance=\"10\" inkscape:pageopacity=\"0\" inkscape:pageshadow=\"2\" inkscape:window-width=\"1680\" inkscape:window-height=\"1005\" id=\"namedview3657\" showgrid=\"false\" inkscape:zoom=\"5.7550881\" inkscape:cx=\"12.076332\" inkscape:cy=\"50.07101\" inkscape:window-x=\"0\" inkscape:window-y=\"23\" inkscape:window-maximized=\"0\" inkscape:current-layer=\"svg3649\" inkscape:document-rotation=\"0\"></sodipodi:namedview><path d=\"m 16.5,10.125 a 7.5000001,7.5000001 0 0 0 -7.5,7.5 7.5000001,7.5000001 0 0 0 6.375,7.414062 V 32.625 l 2.25,-2.25 V 25.039062 A 7.5000001,7.5000001 0 0 0 24,17.625 a 7.5000001,7.5000001 0 0 0 -7.5,-7.5 z m 13.875,0 v 7.5 l 2.25,-2.25 v -5.25 z M 16.5,12.375 a 5.2500001,5.2500001 0 0 1 5.25,5.25 5.2500001,5.2500001 0 0 1 -5.25,5.25 5.2500001,5.2500001 0 0 1 -5.25,-5.25 5.2500001,5.2500001 0 0 1 5.25,-5.25 z M 48,0 32.625,15.375 v 7.585938 A 7.5000001,7.5000001 0 0 1 39,30.375 a 7.5000001,7.5000001 0 0 1 -7.5,7.5 7.5000001,7.5000001 0 0 1 -7.5,-7.5 7.5000001,7.5000001 0 0 1 6.375,-7.414062 V 17.625 l -12.75,12.75 v 7.5 h -2.25 v -5.25 L 0,48 H 48 Z M 31.5,25.125 a 5.2500001,5.2500001 0 0 0 -5.25,5.25 5.2500001,5.2500001 0 0 0 5.25,5.25 5.2500001,5.2500001 0 0 0 5.25,-5.25 5.2500001,5.2500001 0 0 0 -5.25,-5.25 z\" style=\"fill:#000000;stroke-width:2.07345\" id=\"foreground\"></path></svg></div></gst-fake-shadow></pbt-face></div><link rel=\"stylesheet\" href=\"base/test.css\"></gst-fake-shadow></pbt-test>",
  "rotate-action__overflow.html": "<pbt-test><gst-fake-shadow><div id=\"div\" style=\"position: absolute; transform: rotateZ(456deg);\"><pbt-face><gst-fake-shadow><style>\n  #root {\n    height: 48px;\n    width: 48px;\n  }\n\n  #root > svg #foreground {\n    fill: var(--pbtShade) !important;\n  }\n</style>\n<div id=\"root\" style=\"--pbtShade:steelblue;\"><svg xmlns:dc=\"http://purl.org/dc/elements/1.1/\" xmlns:cc=\"http://creativecommons.org/ns#\" xmlns:rdf=\"http://www.w3.org/1999/02/22-rdf-syntax-ns#\" xmlns:svg=\"http://www.w3.org/2000/svg\" xmlns=\"http://www.w3.org/2000/svg\" xmlns:sodipodi=\"http://sodipodi.sourceforge.net/DTD/sodipodi-0.dtd\" xmlns:inkscape=\"http://www.inkscape.org/namespaces/inkscape\" version=\"1.1\" x=\"0px\" y=\"0px\" viewBox=\"0 0 48 48\" enable-background=\"new 0 0 512 512\" xml:space=\"preserve\" id=\"svg3649\" inkscape:version=\"1.0 (4035a4f, 2020-05-01)\" sodipodi:docname=\"icon.svg\" width=\"48\" height=\"48\"><metadata id=\"metadata3661\"><rdf:RDF><cc:Work rdf:about=\"\"><dc:format>image/svg+xml</dc:format><dc:type rdf:resource=\"http://purl.org/dc/dcmitype/StillImage\"></dc:type><dc:title></dc:title></cc:Work></rdf:RDF></metadata><defs id=\"defs3659\"></defs><sodipodi:namedview pagecolor=\"#ffffff\" bordercolor=\"#666666\" borderopacity=\"1\" objecttolerance=\"10\" gridtolerance=\"10\" guidetolerance=\"10\" inkscape:pageopacity=\"0\" inkscape:pageshadow=\"2\" inkscape:window-width=\"1680\" inkscape:window-height=\"1005\" id=\"namedview3657\" showgrid=\"false\" inkscape:zoom=\"5.7550881\" inkscape:cx=\"12.076332\" inkscape:cy=\"50.07101\" inkscape:window-x=\"0\" inkscape:window-y=\"23\" inkscape:window-maximized=\"0\" inkscape:current-layer=\"svg3649\" inkscape:document-rotation=\"0\"></sodipodi:namedview><path d=\"m 16.5,10.125 a 7.5000001,7.5000001 0 0 0 -7.5,7.5 7.5000001,7.5000001 0 0 0 6.375,7.414062 V 32.625 l 2.25,-2.25 V 25.039062 A 7.5000001,7.5000001 0 0 0 24,17.625 a 7.5000001,7.5000001 0 0 0 -7.5,-7.5 z m 13.875,0 v 7.5 l 2.25,-2.25 v -5.25 z M 16.5,12.375 a 5.2500001,5.2500001 0 0 1 5.25,5.25 5.2500001,5.2500001 0 0 1 -5.25,5.25 5.2500001,5.2500001 0 0 1 -5.25,-5.25 5.2500001,5.2500001 0 0 1 5.25,-5.25 z M 48,0 32.625,15.375 v 7.585938 A 7.5000001,7.5000001 0 0 1 39,30.375 a 7.5000001,7.5000001 0 0 1 -7.5,7.5 7.5000001,7.5000001 0 0 1 -7.5,-7.5 7.5000001,7.5000001 0 0 1 6.375,-7.414062 V 17.625 l -12.75,12.75 v 7.5 h -2.25 v -5.25 L 0,48 H 48 Z M 31.5,25.125 a 5.2500001,5.2500001 0 0 0 -5.25,5.25 5.2500001,5.2500001 0 0 0 5.25,5.25 5.2500001,5.2500001 0 0 0 5.25,-5.25 5.2500001,5.2500001 0 0 0 -5.25,-5.25 z\" style=\"fill:#000000;stroke-width:2.07345\" id=\"foreground\"></path></svg></div></gst-fake-shadow></pbt-face></div><link rel=\"stylesheet\" href=\"base/test.css\"></gst-fake-shadow></pbt-test>",
  "turn-action__step.html": "<pbt-test><gst-fake-shadow><pbt-face id=\"face\" shade=\"purple\"><gst-fake-shadow><style>\n  #root {\n    height: 48px;\n    width: 48px;\n  }\n\n  #root > svg #foreground {\n    fill: var(--pbtShade) !important;\n  }\n</style>\n<div id=\"root\" style=\"--pbtShade:purple;\"><svg xmlns:dc=\"http://purl.org/dc/elements/1.1/\" xmlns:cc=\"http://creativecommons.org/ns#\" xmlns:rdf=\"http://www.w3.org/1999/02/22-rdf-syntax-ns#\" xmlns:svg=\"http://www.w3.org/2000/svg\" xmlns=\"http://www.w3.org/2000/svg\" xmlns:sodipodi=\"http://sodipodi.sourceforge.net/DTD/sodipodi-0.dtd\" xmlns:inkscape=\"http://www.inkscape.org/namespaces/inkscape\" version=\"1.1\" x=\"0px\" y=\"0px\" viewBox=\"0 0 48 48\" enable-background=\"new 0 0 512 512\" xml:space=\"preserve\" id=\"svg3649\" inkscape:version=\"1.0 (4035a4f, 2020-05-01)\" sodipodi:docname=\"icon.svg\" width=\"48\" height=\"48\"><metadata id=\"metadata3661\"><rdf:RDF><cc:Work rdf:about=\"\"><dc:format>image/svg+xml</dc:format><dc:type rdf:resource=\"http://purl.org/dc/dcmitype/StillImage\"></dc:type><dc:title></dc:title></cc:Work></rdf:RDF></metadata><defs id=\"defs3659\"></defs><sodipodi:namedview pagecolor=\"#ffffff\" bordercolor=\"#666666\" borderopacity=\"1\" objecttolerance=\"10\" gridtolerance=\"10\" guidetolerance=\"10\" inkscape:pageopacity=\"0\" inkscape:pageshadow=\"2\" inkscape:window-width=\"1680\" inkscape:window-height=\"1005\" id=\"namedview3657\" showgrid=\"false\" inkscape:zoom=\"5.7550881\" inkscape:cx=\"12.076332\" inkscape:cy=\"50.07101\" inkscape:window-x=\"0\" inkscape:window-y=\"23\" inkscape:window-maximized=\"0\" inkscape:current-layer=\"svg3649\" inkscape:document-rotation=\"0\"></sodipodi:namedview><path d=\"m 16.5,10.125 a 7.5000001,7.5000001 0 0 0 -7.5,7.5 7.5000001,7.5000001 0 0 0 6.375,7.414062 V 32.625 l 2.25,-2.25 V 25.039062 A 7.5000001,7.5000001 0 0 0 24,17.625 a 7.5000001,7.5000001 0 0 0 -7.5,-7.5 z m 13.875,0 v 7.5 l 2.25,-2.25 v -5.25 z M 16.5,12.375 a 5.2500001,5.2500001 0 0 1 5.25,5.25 5.2500001,5.2500001 0 0 1 -5.25,5.25 5.2500001,5.2500001 0 0 1 -5.25,-5.25 5.2500001,5.2500001 0 0 1 5.25,-5.25 z M 48,0 32.625,15.375 v 7.585938 A 7.5000001,7.5000001 0 0 1 39,30.375 a 7.5000001,7.5000001 0 0 1 -7.5,7.5 7.5000001,7.5000001 0 0 1 -7.5,-7.5 7.5000001,7.5000001 0 0 1 6.375,-7.414062 V 17.625 l -12.75,12.75 v 7.5 h -2.25 v -5.25 L 0,48 H 48 Z M 31.5,25.125 a 5.2500001,5.2500001 0 0 0 -5.25,5.25 5.2500001,5.2500001 0 0 0 5.25,5.25 5.2500001,5.2500001 0 0 0 5.25,-5.25 5.2500001,5.2500001 0 0 0 -5.25,-5.25 z\" style=\"fill:#000000;stroke-width:2.07345\" id=\"foreground\"></path></svg></div></gst-fake-shadow></pbt-face><link rel=\"stylesheet\" href=\"base/test.css\"></gst-fake-shadow></pbt-test>",
  "turn-action__wrap.html": "<pbt-test><gst-fake-shadow><pbt-face id=\"face\" shade=\"steelblue\"><gst-fake-shadow><style>\n  #root {\n    height: 48px;\n    width: 48px;\n  }\n\n  #root > svg #foreground {\n    fill: var(--pbtShade) !important;\n  }\n</style>\n<div id=\"root\" style=\"--pbtShade:steelblue;\"><svg xmlns:dc=\"http://purl.org/dc/elements/1.1/\" xmlns:cc=\"http://creativecommons.org/ns#\" xmlns:rdf=\"http://www.w3.org/1999/02/22-rdf-syntax-ns#\" xmlns:svg=\"http://www.w3.org/2000/svg\" xmlns=\"http://www.w3.org/2000/svg\" xmlns:sodipodi=\"http://sodipodi.sourceforge.net/DTD/sodipodi-0.dtd\" xmlns:inkscape=\"http://www.inkscape.org/namespaces/inkscape\" version=\"1.1\" x=\"0px\" y=\"0px\" viewBox=\"0 0 48 48\" enable-background=\"new 0 0 512 512\" xml:space=\"preserve\" id=\"svg3649\" inkscape:version=\"1.0 (4035a4f, 2020-05-01)\" sodipodi:docname=\"icon.svg\" width=\"48\" height=\"48\"><metadata id=\"metadata3661\"><rdf:RDF><cc:Work rdf:about=\"\"><dc:format>image/svg+xml</dc:format><dc:type rdf:resource=\"http://purl.org/dc/dcmitype/StillImage\"></dc:type><dc:title></dc:title></cc:Work></rdf:RDF></metadata><defs id=\"defs3659\"></defs><sodipodi:namedview pagecolor=\"#ffffff\" bordercolor=\"#666666\" borderopacity=\"1\" objecttolerance=\"10\" gridtolerance=\"10\" guidetolerance=\"10\" inkscape:pageopacity=\"0\" inkscape:pageshadow=\"2\" inkscape:window-width=\"1680\" inkscape:window-height=\"1005\" id=\"namedview3657\" showgrid=\"false\" inkscape:zoom=\"5.7550881\" inkscape:cx=\"12.076332\" inkscape:cy=\"50.07101\" inkscape:window-x=\"0\" inkscape:window-y=\"23\" inkscape:window-maximized=\"0\" inkscape:current-layer=\"svg3649\" inkscape:document-rotation=\"0\"></sodipodi:namedview><path d=\"m 16.5,10.125 a 7.5000001,7.5000001 0 0 0 -7.5,7.5 7.5000001,7.5000001 0 0 0 6.375,7.414062 V 32.625 l 2.25,-2.25 V 25.039062 A 7.5000001,7.5000001 0 0 0 24,17.625 a 7.5000001,7.5000001 0 0 0 -7.5,-7.5 z m 13.875,0 v 7.5 l 2.25,-2.25 v -5.25 z M 16.5,12.375 a 5.2500001,5.2500001 0 0 1 5.25,5.25 5.2500001,5.2500001 0 0 1 -5.25,5.25 5.2500001,5.2500001 0 0 1 -5.25,-5.25 5.2500001,5.2500001 0 0 1 5.25,-5.25 z M 48,0 32.625,15.375 v 7.585938 A 7.5000001,7.5000001 0 0 1 39,30.375 a 7.5000001,7.5000001 0 0 1 -7.5,7.5 7.5000001,7.5000001 0 0 1 -7.5,-7.5 7.5000001,7.5000001 0 0 1 6.375,-7.414062 V 17.625 l -12.75,12.75 v 7.5 h -2.25 v -5.25 L 0,48 H 48 Z M 31.5,25.125 a 5.2500001,5.2500001 0 0 0 -5.25,5.25 5.2500001,5.2500001 0 0 0 5.25,5.25 5.2500001,5.2500001 0 0 0 5.25,-5.25 5.2500001,5.2500001 0 0 0 -5.25,-5.25 z\" style=\"fill:#000000;stroke-width:2.07345\" id=\"foreground\"></path></svg></div></gst-fake-shadow></pbt-face><link rel=\"stylesheet\" href=\"base/test.css\"></gst-fake-shadow></pbt-test>"
}