<pb-help-overlay><gst-fake-shadow><style>
  #root {
    background-color: var(--mkThemeBG);
    color: var(--mkThemeFG);
    display: none;
    overflow: scroll;
  }

  #root.isVisible {
    display: flex;
  }

  #root td:first-child {
    font-family: var(--mkFontFamilyMono);
  }
</style>

<div id="root" layout="column" fill-parent="" flex-justify="center" flex-align="center" class="isVisible">
  <!-- #tables --><pb-help-table index="0"><gst-fake-shadow><h3 id="title">Component 1</h3>
<table mk-body-1="">
  <thead>
    <tr>
      <th>Trigger</th>
      <th>Action</th>
    </tr>
  </thead>
  <tbody id="content">
    <!-- #rows-->
  <tr>
    <td><mk-keyboard text="alt meta (click)"><gst-fake-shadow><style>
   kbd {
    padding: .1rem .4rem;
    margin: 0 .2rem;
  }
</style>

<kbd id="description">
  <!-- #content -->
  <kbd mk-theme-context="highlight">⎇ Alt</kbd>
+
  <kbd mk-theme-context="highlight">⌘</kbd>
+
  <kbd mk-theme-context="highlight">(click)</kbd>

</kbd>
<!-- #theme --><link rel="stylesheet" href="base/test.css">

<template id="_key"></template></gst-fake-shadow></mk-keyboard></td>
    <td>Action Name</td>
  </tr>

  </tbody>
</table>

<template id="_row"></template><link rel="stylesheet" href="base/test.css"></gst-fake-shadow></pb-help-table><pb-help-table index="1"><gst-fake-shadow><h3 id="title">Component 2</h3>
<table mk-body-1="">
  <thead>
    <tr>
      <th>Trigger</th>
      <th>Action</th>
    </tr>
  </thead>
  <tbody id="content">
    <!-- #rows-->
  <tr>
    <td><mk-keyboard text="ctrl shift d"><gst-fake-shadow><style>
   kbd {
    padding: .1rem .4rem;
    margin: 0 .2rem;
  }
</style>

<kbd id="description">
  <!-- #content -->
  <kbd mk-theme-context="highlight">Ctrl</kbd>
+
  <kbd mk-theme-context="highlight">⇧ Shift</kbd>
+
  <kbd mk-theme-context="highlight">d</kbd>

</kbd>
<!-- #theme --><link rel="stylesheet" href="base/test.css">

<template id="_key"></template></gst-fake-shadow></mk-keyboard></td>
    <td>Action Name</td>
  </tr>

  </tbody>
</table>

<template id="_row"></template><link rel="stylesheet" href="base/test.css"></gst-fake-shadow></pb-help-table>
</div>
<link rel="stylesheet" href="base/test.css"></gst-fake-shadow></pb-help-overlay>