<pb-canvas object-id="4"><svg id="root">
  <!-- #permanents --><svg xmlns:dc="http://purl.org/dc/elements/1.1/" xmlns:cc="http://creativecommons.org/ns#" xmlns:rdf="http://www.w3.org/1999/02/22-rdf-syntax-ns#" xmlns:svg="http://www.w3.org/2000/svg" xmlns="http://www.w3.org/2000/svg" xmlns:sodipodi="http://sodipodi.sourceforge.net/DTD/sodipodi-0.dtd" xmlns:inkscape="http://www.inkscape.org/namespaces/inkscape" sodipodi:docname="meeple.svg" inkscape:version="1.0 (4035a4f, 2020-05-01)" id="svg4170" xml:space="preserve" enable-background="new 0 0 100 100" viewBox="0 0 24 24" y="80" x="20" version="1.1" fill="#000000" width="20" height="20"><metadata id="metadata4178"><rdf:RDF><cc:Work rdf:about=""><dc:format>image/svg+xml</dc:format><dc:type rdf:resource="http://purl.org/dc/dcmitype/StillImage"></dc:type><dc:title></dc:title></cc:Work></rdf:RDF></metadata><defs id="defs4176"></defs><sodipodi:namedview inkscape:document-rotation="0" inkscape:current-layer="svg4170" inkscape:window-maximized="0" inkscape:window-y="23" inkscape:window-x="0" inkscape:cy="50" inkscape:cx="26.655897" inkscape:zoom="6.19" showgrid="false" id="namedview4174" inkscape:window-height="825" inkscape:window-width="1393" inkscape:pageshadow="2" inkscape:pageopacity="0" guidetolerance="10" gridtolerance="10" objecttolerance="10" borderopacity="1" bordercolor="#666666" pagecolor="#ffffff"></sodipodi:namedview><path style="clip-rule:evenodd;fill-rule:evenodd;stroke-width:0.24" inkscape:connector-curvature="0" id="foreground" d="M 23.998076,10.324561 C 24.136796,7.0228813 16.233117,5.4153614 15.890637,5.0390414 15.719997,4.8518415 16.286637,-0.00359817 11.999997,1.8323824e-6 7.7133575,-0.00359817 8.2797575,4.8518415 8.1091175,5.0390414 c -0.34248,0.37632 -8.2456793,1.9838399 -8.10719931,5.2855196 0.13823999,3.30192 4.33223961,1.60608 5.22671951,2.57784 0.7824,0.85056 -3.6669596,6.294959 -4.1647196,9.752159 C 0.90167812,23.78136 1.2184781,24 2.313598,24 c 1.9862398,0 3.8824797,-0.0012 5.6287195,-0.0012 0.78888,0 1.0694399,-0.45336 1.4764799,-1.07808 0.9009606,-1.38288 1.9891206,-3.60576 2.5811996,-3.60552 0.59184,-2.4e-4 1.68024,2.22264 2.5812,3.60528 0.40704,0.62496 0.68736,1.07808 1.47624,1.07808 1.746,0 3.64248,0.0012 5.62872,0.0012 1.09512,0 1.41216,-0.21864 1.24968,-1.34544 -0.49752,-3.4572 -4.94664,-8.901599 -4.16472,-9.752159 0.89448,-0.97152 5.088959,0.72432 5.226959,-2.5776 z"></path></svg><!--unknown SVG: unknownSvg-->
  <!-- #halfline -->
</svg><link rel="stylesheet" href="base/test.css"></pb-canvas>