<pb-canvas object-id="2"><svg id="root">
  <!-- #content --><line stroke="red" stroke-linecap="butt" stroke-width="5" x1="60" x2="120" y1="50" y2="30"></line>
</svg><link rel="stylesheet" href="base/test.css"></pb-canvas>