{
  "export-face.txt": "data:image/png;base64,iVBORw0KGgoAAAANSUhEUgAAAZAAAAJYCAYAAABM7LCIAAAAAXNSR0IArs4c6QAAHuVJREFUeF7t3WmotXtZx/FLKawoyTc2adGApkGDIBQaDYQWWTZpkCRlEWVap1FEsxk0Khs1qExUwpNShJZ0JKLBMiN91zyIUoSBiAW9UDtx5z6Yds7Z9/o9e93rd6/12dCrc197/ffn+re/Ps+zh/uMNwIECBAgEAjcJ5gxQoAAAQIERkBcAgIECBCIBAQkYjNEgAABAgLiDhAgQIBAJCAgEZshAgQIEBAQd4AAAQIEIgEBidgMESBAgICAuAMECBAgEAkISMRmiAABAgQExB0gQIAAgUhAQCI2QwQIECAgIO4AAQIECEQCAhKxGSJAgAABAXEHCBAgQCASEJCIzRABAgQICIg7QIAAAQKRgIBEbIYIECBAQEDcAQIECBCIBAQkYjNEgAABAgLiDhAgQIBAJCAgEZshAgQIEBAQd4AAAQIEIgEBidgMESBAgICAuAMECBAgEAkISMRmiAABAgQExB0gQIAAgUhAQCI2QwQIECAgIO4AAQIECEQCAhKxGSJAgAABAXEHCBAgQCASEJCIzRABAgQICIg7QIAAAQKRgIBEbIYIECBAQEDcAQIECBCIBAQkYjNEgAABAgLiDhAgQIBAJCAgEZshAgQIEBAQd4AAAQIEIgEBidgMESBAgICAuAMECBAgEAkISMRmiAABAgQExB0gQIAAgUhAQCI2QwQIECAgIO4AAQIECEQCAhKxGSJAgAABAXEHCBAgQCASEJCIzRABAgQICIg7QIAAAQKRgIBEbIYIECBAQEDcAQIECBCIBAQkYjNEgAABAgLiDhAgQIBAJCAgEZshAgQIEBAQd4AAAQIEIgEBidgMESBAgICAuAMECBAgEAkISMRmiAABAgQExB0gQIAAgUhAQCI2QwQIECAgIO4AAQIECEQCAhKxGSJAgAABAXEHCBAgQCASEJCIzRABAgQICIg7QIAAAQKRgIBEbIYIECBAQEDcAQIECBCIBAQkYjNEgAABAgLiDhAgQIBAJCAgEZshAgQIEBAQd4AAAQIEIgEBidgMESBAgICAuAMECBAgEAkISMRmiAABAgQExB0gQIAAgUhAQCI2QwQIECAgIO4AAQIECEQCAhKxGSJAgAABAXEHCBAgQCASEJCIzRABAgQICIg7QIAAAQKRgIBEbIYIECBAQEDcAQIECBCIBAQkYjNEgAABAgLiDhAgQIBAJCAgEZshAgQIEBAQd4AAAQIEIgEBidgMESBAgICAuAMECBAgEAkISMRmiAABAgQExB0gQIAAgUhAQCI2QwQIECAgIO4AAQIECEQCAhKxGSJAgAABAXEHCBAgQCASEJCIzRABAgQICIg7QIAAAQKRgIBEbIYIECBAQEDcAQIECBCIBAQkYjNEgAABAgJSdgce8yOvvrPsSBd9nDue8zj/P3LRN8AHf28C/p+j7H4ISNdCBKRrH07TJSAgXfsYAelaiIB07cNpugQEpGsfAlK2DwEpW4jjVAkISNU6RkDK9iEgZQtxnCoBAalah4CUrWMEpG0jztMkICBN2xgBKVuHgLQtxHmqBASkah0CUrYOAWlbiPNUCQhI1ToEpGwdAtK2EOepEhCQqnUISNk6BKRtIc5TJSAgVesQkLJ1CEjbQpynSkBAqtYhIGXrEJC2hThPlYCAVK1DQMrWISBtC3GeKgEBqVqHgJStQ0DaFuI8VQICUrUOASlbh4C0LcR5qgQEpGodAlK2DgFpW4jzVAkISNU6BKRsHQLSthDnqRIQkKp1CEjZOgSkbSHOUyUgIFXrEJCydQhI20Kcp0pAQKrWISBl6xCQtoU4T5WAgFStQ0DK1iEgbQtxnioBAalah4CUrUNA2hbiPFUCAlK1DgEpW4eAtC3EeaoEBKRqHQJStg4BaVuI81QJCEjVOgSkbB0C0rYQ56kSEJCqdQhI2ToEpG0hzlMlICBV6xCQsnUISNtCnKdKQECq1iEgZesQkLaFOE+VgIBUrUNAytYhIG0LcZ4qAQGpWoeAlK1DQNoW4jxVAgJStQ4BKVuHgLQtxHmqBASkah0CUrYOAWlbiPNUCQhI1ToEpGwdAtK2EOepEhCQqnUISNk6BKRtIc5TJSAgVesQkLJ1CEjbQpynSkBAqtYhIGXrEJC2hThPlYCAVK1DQMrWISBtC3GeKgEBqVqHgJStQ0DaFuI8VQICUrUOASlbh4C0LcR5qgQEpGodAlK2DgFpW4jzVAkISNU6BKRsHQLSthDnqRIQkKp1CEjZOgSkbSHOUyUgIFXrEJCydQhI20Kcp0pAQKrWISBl6xCQtoU4T5WAgFStQ0DK1iEgbQtxnioBAalah4CUrUNA2hbiPFUCAlK1DgEpW4eAtC3EeaoEBKRqHQJStg4BaVuI81QJCEjVOgSkbB0C0rYQ56kSEJCqdQhI2ToEpG0hzlMlICBV6xCQsnUISNtCnKdKQECq1iEgZesQkLaFOE+VgIBUrUNAytYhIG0LcZ4qAQGpWoeAlK1DQNoW4jxVAgJStQ4BKVuHgLQtxHmqBASkah0CUrYOAWlbiPNUCQhI1ToEpGwdAtK2EOepEhCQqnUISNk6BKRtIc5TJSAgVesQkLJ1CEjbQpynSkBAqtYhIGXrEJC2hThPlYCAVK1DQMrWISBtC3GeKgEBqVqHgJStQ0DaFuI8VQICUrUOASlbh4C0LcR5qgQEpGodAlK2DgFpW4jzVAkISNU6BKRsHQLSthDnqRIQkKp1CEjZOgSkbSHOUyUgIFXrEJCydQhI20Kcp0pAQKrWISBl6xCQtoU4T5WAgFStQ0DK1iEgbQtxnioBAalah4CUrUNA2hbiPFUCAlK1DgEpW4eAtC3EeaoEBKRqHQJStg4BaVuI81QJCEjVOgSkbB0C0rYQ56kSEJCqdQhI2ToEpG0hzlMlICBV6xCQsnUISNtCnKdKQECq1iEgZesQkLaFOE+VgIBUrUNAytYhIG0LcZ4qAQGpWoeAlK1DQNoW4jxVAgJStQ4BKVuHgLQtxHmqBASkah0CUrYOAWlbiPNUCQhI1ToEpGwdAtK2EOepEhCQqnUISNk6BKRtIc5TJSAgVesQkLJ1CEjbQpynSkBAqtYhIGXrEJC2hThPlYCAVK1DQMrWISBtC3GeKgEBqVqHgJStQ0DaFuI8VQICUrUOASlbh4C0LcR5qgQEpGodAlK2DgFpW4jzVAkISNU6BKRsHQLSthDnqRIQkKp1CEjZOgSkbSHOUyUgIFXrEJCydQhI20Kcp0pAQKrWISBl6xCQtoU4T5WAgFStQ0DK1iEgbQtxnioBAalah4CUrUNA2hbiPFUCAlK1DgEpW4eAtC3EeaoEBKRqHQJStg4BaVuI81QJCEjVOgSkbB0C0rYQ56kSEJCqdQhI2ToEpG0hzlMlICBV6xCQsnUISNtCnKdKQECq1iEgZesQkLaFOE+VgIBUrcNhCBAgsB8BAdnPrpyUAAECVQICUrUOhyFAgMB+BARkP7tyUgIECFQJCEjVOhyGAAEC+xEQkP3sykkJECBQJSAgVetwGAIECOxHQED2sysnJUCAQJWAgFStw2EIECCwHwEB2c+unJQAAQJVAgJStQ6HIUCAwH4EBGQ/u3JSAgQIVAkISNU6HIYAAQL7ERCQ/ezKSQkQIFAlICBV63AYAgQI7EdAQPazKyclQIBAlYCAVK3DYQgQILAfAQHZz66clAABAlUCAlK1DochQIDAfgQEZD+7clICBAhUCQhI1TochgABAvsREJD97MpJCRAgUCUgIFXrcBgCBAjsR0BA9rMrJyVAgECVgIBUrcNhCBAgsB8BAdnPrpyUAAECVQICUrUOhyFAgMB+BO4KyMNm5pP3c+z4pO+emTtm5r/j92CQAAECBP5X4K6A3D4zT7wQk4+bmX+9kI/Vh0mAAIGjCQjI0Wi9YwIECJy3gICc9359dAQIEDiagIAcjdY7JkCAwHkLCMh579dHR4AAgaMJCMjRaL1jAgQInLeAgJz3fn10BAgQOJqAgByN1jsmQIDAeQvcFZBnzczjj/ihPvKA9/0XBzx76KPvmZnHzsw7Dx30PAECBAi8v8BWP8pkCdSPrcD/j5m5/4rnPEKAAAECJxYQkBMvwMsTIEBgrwICstfNOTcBAgROLCAgJ16AlydAgMBeBQRkr5tzbgIECJxYQEBOvAAvT4AAgb0KCMheN+fcBAgQOLGAgJx4AV6eAAECexUQkGxzHzwzd87M8hsOvREgQOAiBQTknte+2HzmzHzxzDxkZj5mZh589X8fMTPLNz0ub/88M/84M2+embfMzOtm5pjfTX+RF9UHTYBAn4CAvP9OPmhmHjUzX371K34fFK7s72bmV2bm5TPz1vB9GCNAgEC1gIC8bz2PnplfnJlPv+GNvXZmnj8zr7nh9+vdESBA4KQCAjKz/CnjeTPzdUfexK/PzG0z8+9Hfh3vngABApsIXHpAvnFmXrSJ9HtfZPl3k2+5+qutDV/WSxEgQODmBS45IN83Mz9x86Sr3uOrZuZJ/+cf4lcNeYgAAQJNApcYkOVj/vGZeeaJF7H8m8jyO1jedeJzeHkCBAhEApcWkOXj/YWZeWqkdfNDL56Zp1x9T8nNv3fvkQABAkcUuLSAfNvMvCDwXP7t4hUz8+cz828z8/aZ+fCZ+eiZ+diZ+bRb+Ef45Rdt/UBwJiMECBA4qcAlBeRhM/NXB2q/fmaePTN/uOK7zpegfNnMfPPMfOGBr/PVM/ObB854nAABAicVuJSA3G9m3nDA93jc9dVSt4d/vbRE5JcP2OzyjYfLn2L8aJQD0DxKgMBpBS4lIM+dmWespP6nqx9f8vcrn7+nxx4+M7919WNQ1ryrr5+Zl6150DMECBBoELiEgHzKzKyNwfJXXF8wM2+7oeUsr/3GmVl+dtZ1b0u4PtVXZV3H5L8TINAicAkB+emZ+a4V4MtfWz1iZv5hxbOHPPKVB/z7xpNn5qWHvHPPEiBA4FQC5x6QB1x9xdQa3+UHKC7f4HeMtxfOzLeueMfLX3l91YrnPEKAAIGTC5x7QL57Zn5qhfJvz8xXrHgufeShM/M3K4e32snK43iMAAECdy+w1SerZ83M8v0O170tf410/+seWvnflx/N/i8z88AVzy9/dfWmFc/dyiN/MDOfv+IdbLWTFUfxCAECBO5ZYKtPVqcIyCOvvnT3uv3/zsw87rqHbuC/f+3KH6K41U5u4EPyLggQuGSBrT5ZnSIg3zkzP7NiuctP5F1+pMix3z5kZv5rxYtstZMVR/EIAQIELvNPIK+cmeU7vK97W34fyPJXXVu8/cnVbzy8t9cSkC024TUIELhlga0+WW39J5D7zsw7Vnz/xfId4Ms/cG/19vMz87RrXmyrnWz1MXsdAgTOVGCrT1ZbB2T5hry/XrGz5ct2ly/f3ept+VLe5Ut6/QlkK3GvQ4DA0QTONSBPmJnfWKG2/Gj3p6947qYe+dyZ+SMBuSlO74cAgVMKnGtADvmx7cuXDm/1tuZHmmy1k60+Zq9DgMCZCmz1yWrrv8Ja+3qNa91qJ40fuzMRILAjga0+Wa39hH5T30i4fPf58l3oe3zbaid7tHFmAgSKBLb6ZLV1QH5tZr6hyPmQo2y1k0PO5FkCBAj8P4GtPlltHZBXz8yX7nTfW+1kpzyOTYBAi8BWn6y2DsjylU7LVzzt8W2rnezRxpkJECgS2OqT1dYB+d2Z+ZIi50OOstVODjmTZwkQIHAxf4X1kplZfkXsdW/Ld6L/2XUPbfzf9/pvNxszeTkCBE4tsNX/2t36TyDPn5nbVuA+cWZeseI5jxAgQIDABwica0CeMzM/vGLb3z4zL1jxnEcIECBA4EICsoRh+TEl17390MrQXPd+/HcCBAhcnMC5/gnkSTPzshXb9DvIVyB5hAABAncncK4B+ayZeeOKld/Ud76veCmPECBA4LwEzjUgy+9Df9fKVX3izLx55bM38dh15nfexIt4HwQIEDi2wHWfzG7q9bf+Kqzl3Gu/F2SrX2m7nMkvlLqpG+X9ECBwcoFzDsj3z8zzVgi/bmYeveK5W31k+VHu71zxTrbayYqjeIQAAQL3LLDVJ6tT/AnkUTOz/A7yNW/LbzD82zUP3sIzT5mZX10xv9VOVhzFIwQIELjMgNxvZt4yMw9ccQGO/ZsJP2xm3jQzD1lxFgFZgeQRAgROL7DVJ6tT/Alk0X3GzDx3JfMjrj7Jr3z8oMd+dma+Y8WELytegeQRAgQ6BM49IA+YmbevpF7+LeTzZuY9K59f+9hjZub3Vj68/LXbn6581mMECBA4qcC5B2TB/cmZ+Z6Vyr80M0+dmZv6UtrPnpk7ZmbN70J//cx8zspzeowAAQInF7iEgHzCgd/nsfw63O+9gc0sv9Bq+cVWa9+WrwRb/hTkjQABArsQuISALIt4+sz83AEbee3VTPKVWR81M8+emacd8HovvPqTzwEjHiVAgMBpBS4lIMvHefvMPOFA7uXHwr9yZt4wM+++l9n7zsxnzMzjZ+YHD3yNt83MQ2fmHQfOeZwAAQInFbiUgCzIHzkzfzkznxSILz8z61Uz89aZWT7hL18i/J9XXyL84Kvffrjmy4Xv7qW/aGZ+PziTEQIECJxU4JICskCv/SGLWy3lyTPz0q1ezOsQIEDgJgUuLSCL3fL9Hq9Z+Q2GN2n9ge/rmQd8j8oxz+F9EyBAIBK4xIAsUB9/FZGHR2q3PvRNM/OiW3833gMBAgROJ3CpAVnEl38TefnMPHZD/uXfT75mZv54w9f0UgQIEDiKwCUHZAFdvnpq+cqs5ZsNH3QU4fe90x+9ep01P5H3yEfx7gkQIHDrAlsF5LaZWb4k9rq35X+hL99HsfXbh15938eaH/9+6NlefPWlvcsPdvRGgACBsxHYKiBnA+YDIUCAAIH3CgiIm0CAAAECkYCARGyGCBAgQEBA3AECBAgQiAQEJGIzRIAAAQIC4g4QIECAQCQgIBGbIQIECBAQEHeAAAECBCIBAYnYDBEgQICAgLgDBAgQIBAJCEjEZogAAQIEBMQdIECAAIFIQEAiNkMECBAgICDuAAECBAhEAgISsRkiQIAAAQFxBwgQIEAgEhCQiM0QAQIECAiIO0CAAAECkYCARGyGCBAgQEBA3AECBAgQiAQEJGIzRIAAAQIC4g4QIECAQCQgIBGbIQIECBAQEHeAAAECBCIBAYnYDBEgQICAgLgDBAgQIBAJCEjEZogAAQIEBMQdIECAAIFIQEAiNkMECBAgICDuAAECBAhEAgISsRkiQIAAAQFxBwgQIEAgEhCQiM0QAQIECAiIO0CAAAECkYCARGyGCBAgQEBA3AECBAgQiAQEJGIzRIAAAQIC4g4QIECAQCQgIBGbIQIECBAQEHeAAAECBCIBAYnYDBEgQICAgLgDBAgQIBAJCEjEZogAAQIEBMQdIECAAIFIQEAiNkMECBAgICDuAAECBAhEAgISsRkiQIAAAQFxBwgQIEAgEhCQiM0QAQIECAiIO0CAAAECkYCARGyGCBAgQEBA3AECBAgQiAQEJGIzRIAAAQIC4g4QIECAQCQgIBGbIQIECBAQEHeAAAECBCIBAYnYDBEgQICAgLgDBAgQIBAJCEjEZogAAQIEBMQdIECAAIFIQEAiNkMECBAgICDuAAECBAhEAgISsRkiQIAAAQFxBwgQIEAgEhCQiM0QAQIECAiIO0CAAAECkYCARGyGCBAgQEBA3AECBAgQiAQEJGIzRIAAAQIC4g4QIECAQCQgIBGbIQIECBAQEHeAAAECBCIBAYnYDBEgQICAgLgDBAgQIBAJCEjEZogAAQIEBMQdIECAAIFIQEAiNkMECBAgICDuAAECBAhEAgISsRkiQIAAAQFxBwgQIEAgEhCQiM0QAQIECAiIO0CAAAECkYCARGyGCBAgQEBA3AECBAgQiAQEJGIzRIAAAQIC4g4QIECAQCQgIBGbIQIECBAQEHeAAAECBCIBAYnYDBEgQICAgLgDBAgQIBAJCEjEZogAAQIEBMQdIECAAIFIQEAiNkMECBAgICDuAAECBAhEAgISsRkiQIAAAQFxBwgQIEAgEhCQiM0QAQIECAiIO0CAAAECkYCARGyGCBAgQEBA3AECBAgQiAQEJGIzRIAAAQIC4g4QIECAQCQgIBGbIQIECBAQEHeAAAECBCIBAYnYDBEgQICAgLgDBAgQIBAJCEjEZogAAQIEBMQdIECAAIFIQEAiNkMECBAgICDuAAECBAhEAgISsRkiQIAAAQFxBwgQIEAgEhCQiM0QAQIECAiIO0CAAAECkYCARGyGCBAgQEBA3AECBAgQiAQEJGIzRIAAAQIC4g4QIECAQCQgIBGbIQIECBAQEHeAAAECBCIBAYnYDBEgQICAgLgDBAgQIBAJCEjEZogAAQIEBMQdIECAAIFIQEAiNkMECBAgICDuAAECBAhEAgISsRkiQIAAAQFxBwgQIEAgEhCQiM0QAQIECAiIO0CAAAECkYCARGyGCBAgQEBA3AECBAgQiAQEJGIzRIAAAQIC4g4QIECAQCQgIBGbIQIECBAQEHeAAAECBCIBAYnYDBEgQICAgLgDBAgQIBAJCEjEZogAAQIEBMQdIECAAIFIQEAiNkMECBAgICDuAAECBAhEAgISsRkiQIAAAQFxBwgQIEAgEhCQiM0QAQIECAiIO0CAAAECkYCARGyGCBAgQEBA3AECBAgQiAQEJGIzRIAAAQIC4g4QIECAQCQgIBGbIQIECBAQEHeAAAECBCIBAYnYDBEgQICAgLgDBAgQIBAJCEjEZogAAQIEBMQdIECAAIFIQEAiNkMECBAgICDuAAECBAhEAgISsRkiQIAAAQFxBwgQIEAgEhCQiM0QAQIECAiIO0CAAAECkYCARGyGCBAgQEBA3AECBAgQiAQEJGIzRIAAAQIC4g4QIECAQCQgIBGbIQIECBAQEHeAAAECBCIBAYnYDBEgQICAgLgDBAgQIBAJCEjEZogAAQIEBMQdIECAAIFIQEAiNkMECBAgICDuAAECBAhEAgISsRkiQIAAAQFxBwgQIEAgEhCQiM0QAQIECAiIO0CAAAECkYCARGyGCBAgQEBA3AECBAgQiAQEJGIzRIAAAQIC4g4QIECAQCQgIBGbIQIECBAQEHeAAAECBCIBAYnYDBEgQICAgLgDBAgQIBAJCEjEZogAAQIEBMQdIECAAIFIQEAiNkMECBAgICDuAAECBAhEAgISsRkiQIAAAQFxBwgQIEAgEhCQiM0QAQIECAiIO0CAAAECkYCARGyGCBAgQEBA3AECBAgQiAQEJGIzRIAAAQIC4g4QIECAQCQgIBGbIQIECBAQEHeAAAECBCIBAYnYDBEgQICAgLgDBAgQIBAJCEjEZogAAQIEBMQdIECAAIFIQEAiNkMECBAgICDuAAECBAhEAgISsRkiQIAAAQFxBwgQIEAgEhCQiM0QAQIECAiIO0CAAAECkYCARGyGCBAgQEBA3AECBAgQiAQEJGIzRIAAAQIC4g4QIECAQCQgIBGbIQIECBAQEHeAAAECBCIBAYnYDBEgQICAgLgDBAgQIBAJCEjEZogAAQIEBMQdIECAAIFIQEAiNkMECBAgICDuAAECBAhEAgISsRkiQIAAAQFxBwgQIEAgEhCQiM0QAQIECAiIO0CAAAECkYCARGyGCBAgQEBA3AECBAgQiAQEJGIzRIAAAQIC4g4QIECAQCQgIBGbIQIECBAQEHeAAAECBCIBAYnYDBEgQICAgLgDBAgQIBAJCEjEZogAAQIEBMQdIECAAIFIQEAiNkMECBAgICDuAAECBAhEAgISsRkiQIAAAQFxBwgQIEAgEhCQiM0QAQIECAiIO0CAAAECkYCARGyGCBAgQEBA3AECBAgQiAQEJGIzRIAAAQIC4g4QIECAQCQgIBGbIQIECBAQEHeAAAECBCIBAYnYDBEgQICAgLgDBAgQIBAJCEjEZogAAQIEBMQdIECAAIFIQEAiNkMECBAgICDuAAECBAhEAgISsRkiQIAAAQFxBwgQIEAgEhCQiM0QAQIECAiIO0CAAAECkYCARGyGCBAgQEBA3AECBAgQiAQEJGIzRIAAAQIC4g4QIECAQCQgIBGbIQIECBAQEHeAAAECBCIBAYnYDBEgQICAgLgDBAgQIBAJCEjEZogAAQIEBMQdIECAAIFIQEAiNkMECBAgICDuAAECBAhEAgISsRkiQIAAAQFxBwgQIEAgEhCQiM0QAQIECAiIO0CAAAECkYCARGyGCBAgQEBA3AECBAgQiAQEJGIzRIAAAQIC4g4QIECAQCQgIBGbIQIECBAQEHeAAAECBCIBAYnYDBEgQICAgLgDBAgQIBAJCEjEZogAAQIEBMQdIECAAIFIQEAiNkMECBAgICDuAAECBAhEAgISsRkiQIAAAQFxBwgQIEAgEhCQiM0QAQIECAiIO0CAAAECkYCARGyGCBAgQEBA3AECBAgQiAQEJGIzRIAAAQIC4g4QIECAQCQgIBGbIQIECBAQEHeAAAECBCIBAYnYDBEgQICAgLgDBAgQIBAJCEjEZogAAQIEBMQdIECAAIFI4H8AYu/ed2RzjV8AAAAASUVORK5CYII="
}