<pb-lens-display><gst-fake-shadow><link rel="stylesheet" href="base/test.css"></gst-fake-shadow></pb-lens-display>