<pb-lens-display><gst-fake-shadow><link rel="stylesheet" href="base/test.css">Rendered details</gst-fake-shadow></pb-lens-display>