<pbt-test><gst-fake-shadow>
      <svg>
        <rect fill="red" x="20" y="40" width="60" height="80">
        </rect>
        <text x="20" y="120" alignment-baseline="text-after-edge" text-anchor="start">dop</text>
      </svg></gst-fake-shadow></pbt-test>