{
  "render-foreign-object.html": "<pbt-test><gst-fake-shadow>\n  <svg>\n    <rect fill=\"grey\" x=\"20\" y=\"40\" width=\"60\" height=\"100\"></rect>\n    <g><foreignObject x=\"20\" y=\"40\" width=\"60\" height=\"100\"><div xmlns=\"http://www.w3.org/1999/xhtml\"><div>\n        <style>\n          .red {\n            background-color: red;\n            position: absolute;\n            left: 10px;\n            top: 20px;\n          }\n\n          .green {\n            background-color: green;\n            position: absolute;\n            left: 30px;\n            top: 40px;\n          }\n\n          .box {\n            height: 40px;\n            width: 40px;\n          }\n        </style>\n\n        <div class=\"red box\"></div>\n        <div class=\"green box\"></div>\n      </div></div></foreignObject></g>\n  </svg>\n  </gst-fake-shadow></pbt-test>"
}