<pbt-test><gst-fake-shadow>
      <svg>
        <rect fill="red" x="20" y="40" width="60" height="100">
        </rect>
        <text y="67.5" text-anchor="start"><tspan x="20" alignment-baseline="middle" dy="0">dop</tspan><tspan x="20" alignment-baseline="middle" dy="15">line 2 and a</tspan><tspan x="20" alignment-baseline="middle" dy="15">really long</tspan><tspan x="20" alignment-baseline="middle" dy="15">line</tspan></text>
      </svg></gst-fake-shadow></pbt-test>