<pbt-test><gst-fake-shadow>
  <svg>
    <rect fill="grey" x="20" y="40" width="60" height="100"></rect>
    <g><foreignObject x="20" y="40" width="60" height="100"><div xmlns="http://www.w3.org/1999/xhtml"><div>
        <style>
          .red {
            background-color: red;
            position: absolute;
            left: 10px;
            top: 20px;
          }

          .green {
            background-color: green;
            position: absolute;
            left: 30px;
            top: 40px;
          }

          .box {
            height: 40px;
            width: 40px;
          }
        </style>

        <div class="red box"></div>
        <div class="green box"></div>
      </div></div></foreignObject></g>
  </svg>
  </gst-fake-shadow></pbt-test>