<pbt-test><gst-fake-shadow>
      <svg>
        <rect fill="red" x="20" y="40" width="60" height="80">
        </rect>
        <text y="40" text-anchor="start"><tspan x="20" alignment-baseline="text-before-edge">dop</tspan></text>
      </svg></gst-fake-shadow></pbt-test>