<pbt-test><gst-fake-shadow><div id="container" style="height: 50px; width: 50px; transform: rotateZ(123deg);">PB</div></gst-fake-shadow></pbt-test>