<pbt-test><gst-fake-shadow><div id="container"><!-- #ref -->onetwothree</div></gst-fake-shadow></pbt-test>