<pb-active><gst-fake-shadow><style>
  #root {
    pointer-events: none;
    position: fixed;
    z-index: 9999;
  }

  #count {
    display: none;
    padding: .5rem;
  }

  #count.multiple {
    display: block;
  }
</style>

<div id="root" layout="row" flex-align="center" style="left: 102.562px; top: -7.5px;">
  <!-- #content --><div>content</div>
  <div id="count" mk-body-1=""></div>
</div><link rel="stylesheet" href="base/test.css"></gst-fake-shadow></pb-active>