<pb-deck><gst-fake-shadow><style>
  #root {
    align-items: center;
    justify-content: center;
    background-color: transparent;
    border: 2px solid var(--mkThemeBG);
    box-sizing: border-box;
    flex-wrap: wrap;
  }
</style>
<div id="root" layout="row" fill-parent="" mk-action-1="">
  <!-- #content -->
</div>
<link rel="stylesheet" href="base/test.css"></gst-fake-shadow></pb-deck>