<pbd-slot><style>
  #slotContainer {
    display: inline-block;
    position: relative;
    width: 12rem;
    height: 12rem;
  }
</style>

<pbd-documentation-template mk-body-1="" label="Slot"><style>
  #content::slotted(*) {
    padding-left: 1rem;
    padding-right: 1rem;
  }

  #title {
    padding-left: 1rem;
    padding-right: 1rem;
  }
</style>

<section flex="">
  <h3 id="title" mk-display="">Slot</h3>
  <slot id="content" name="content"><div slot="content">
    <p>
      A slot is a container that can contain one piece. Though it is designed to display one piece,
      you can still add multiple pieces, though the item's positions in the slot can be
      unpredictable.
    </p>
    <p>
      </p><div id="slotContainer">
        <pb-surface id="slot" object-path="i::2"><style>
  #root {
    align-items: center;
    justify-content: center;
    background-color: var(--mkThemeBG);
    border: 1px solid var(--mkThemeFG);
    box-sizing: border-box;
    flex-wrap: wrap;
  }
</style>

<div id="root" fill-parent="" mk-action-2="" layout="row">
  <!-- #content-->
</div>
<link rel="stylesheet" href="base/test.css"></pb-surface>
      </div>
    <p></p>
  </div></slot>
</section>
<link rel="stylesheet" href="base/test.css"></pbd-documentation-template><link rel="stylesheet" href="base/test.css"></pbd-slot>