<pb-pad><gst-fake-shadow><style>
  #root {
    background-color: transparent;
    border: 2px solid var(--mkThemeBG);
  }
</style>

<svg id="root" height="100%" width="100%" mk-action-1="">
  <!-- #contents -->
  <!-- #halfLine --><line x1="12" y1="45" x2="36" y2="135" stroke="orange" stroke-width="10"></line>
</svg><link rel="stylesheet" href="base/test.css"></gst-fake-shadow></pb-pad>